Archive member included because of file (symbol)

c:/nxp/lpcxpresso_4.2.2_275/lpcxpresso/tools/bin/../lib/gcc/arm-none-eabi/4.5.1/../../../../arm-none-eabi/lib/thumb2\libcr_c.a(__weak__main.o)
                              ./src/cr_startup_lpc176x.o (__main)

Discarded input sections

 .text          0x00000000        0x0 ./src/cr_startup_lpc176x.o
 .data          0x00000000        0x0 ./src/cr_startup_lpc176x.o
 .bss           0x00000000        0x0 ./src/cr_startup_lpc176x.o
 .text          0x00000000        0x0 ./src/main.o
 .data          0x00000000        0x0 ./src/main.o
 .bss           0x00000000        0x0 ./src/main.o
 .text          0x00000000        0x0 ./src/system_LPC17xx.o
 .data          0x00000000        0x0 ./src/system_LPC17xx.o
 .bss           0x00000000        0x0 ./src/system_LPC17xx.o
 .data.SystemCoreClock
                0x00000000        0x4 ./src/system_LPC17xx.o
 .text          0x00000000        0x0 ./src/GPIO/src/GPIO.o
 .data          0x00000000        0x0 ./src/GPIO/src/GPIO.o
 .bss           0x00000000        0x0 ./src/GPIO/src/GPIO.o
 .text.GPIO_InitPinNotAsGPIO
                0x00000000       0x48 ./src/GPIO/src/GPIO.o
 .text          0x00000000        0x0 c:/nxp/lpcxpresso_4.2.2_275/lpcxpresso/tools/bin/../lib/gcc/arm-none-eabi/4.5.1/../../../../arm-none-eabi/lib/thumb2\libcr_c.a(__weak__main.o)
 .data          0x00000000        0x0 c:/nxp/lpcxpresso_4.2.2_275/lpcxpresso/tools/bin/../lib/gcc/arm-none-eabi/4.5.1/../../../../arm-none-eabi/lib/thumb2\libcr_c.a(__weak__main.o)
 .bss           0x00000000        0x0 c:/nxp/lpcxpresso_4.2.2_275/lpcxpresso/tools/bin/../lib/gcc/arm-none-eabi/4.5.1/../../../../arm-none-eabi/lib/thumb2\libcr_c.a(__weak__main.o)

Memory Configuration

Name             Origin             Length             Attributes
MFlash512        0x00000000         0x00080000         xr
RamLoc32         0x10000000         0x00008000         xrw
RamAHB32         0x2007c000         0x00008000         xrw
*default*        0x00000000         0xffffffff

Linker script and memory map

LOAD ./src/cr_startup_lpc176x.o
LOAD ./src/main.o
LOAD ./src/system_LPC17xx.o
LOAD ./src/GPIO/src/GPIO.o
START GROUP
LOAD c:/nxp/lpcxpresso_4.2.2_275/lpcxpresso/tools/bin/../lib/gcc/arm-none-eabi/4.5.1/../../../../arm-none-eabi/lib/thumb2\libcr_c.a
LOAD c:/nxp/lpcxpresso_4.2.2_275/lpcxpresso/tools/bin/../lib/gcc/arm-none-eabi/4.5.1/thumb2\libcr_eabihelpers.a
END GROUP
                0x00080000                __top_MFlash512 = 0x80000
                0x10008000                __top_RamLoc32 = 0x10008000
                0x20084000                __top_RamAHB32 = 0x20084000

.text           0x00000000      0x7fc
 FILL mask 0xff
 *(.isr_vector)
 .isr_vector    0x00000000       0xcc ./src/cr_startup_lpc176x.o
                0x00000000                g_pfnVectors
                0x000000cc                . = ALIGN (0x4)
                0x000000cc                __section_table_start = .
                0x000000cc                __data_section_table = .
                0x000000cc        0x4 LONG 0x7fc LOADADDR (.data)
                0x000000d0        0x4 LONG 0x10000000 ADDR (.data)
                0x000000d4        0x4 LONG 0x0 SIZEOF (.data)
                0x000000d8        0x4 LONG 0x7fc LOADADDR (.data_RAM2)
                0x000000dc        0x4 LONG 0x2007c000 ADDR (.data_RAM2)
                0x000000e0        0x4 LONG 0x0 SIZEOF (.data_RAM2)
                0x000000e4                __data_section_table_end = .
                0x000000e4                __bss_section_table = .
                0x000000e4        0x4 LONG 0x10000000 ADDR (.bss)
                0x000000e8        0x4 LONG 0x0 SIZEOF (.bss)
                0x000000ec        0x4 LONG 0x2007c000 ADDR (.bss_RAM2)
                0x000000f0        0x4 LONG 0x0 SIZEOF (.bss_RAM2)
                0x000000f4                __bss_section_table_end = .
                0x000000f4                __section_table_end = .
 *(.after_vectors*)
 .after_vectors
                0x000000f4       0x74 ./src/cr_startup_lpc176x.o
                0x000000f4                NMI_Handler
                0x000000f6                HardFault_Handler
                0x000000f8                MemManage_Handler
                0x000000fa                BusFault_Handler
                0x000000fc                UsageFault_Handler
                0x000000fe                SVC_Handler
                0x00000100                DebugMon_Handler
                0x00000102                PendSV_Handler
                0x00000104                SysTick_Handler
                0x00000106                data_init
                0x00000118                bss_init
                0x00000128                ResetISR
                0x00000164                UART1_IRQHandler
                0x00000164                EINT3_IRQHandler
                0x00000164                CANActivity_IRQHandler
                0x00000164                TIMER3_IRQHandler
                0x00000164                UART0_IRQHandler
                0x00000164                EINT2_IRQHandler
                0x00000164                I2C1_IRQHandler
                0x00000164                IntDefaultHandler
                0x00000164                PLL0_IRQHandler
                0x00000164                PWM1_IRQHandler
                0x00000164                PLL1_IRQHandler
                0x00000164                SSP0_IRQHandler
                0x00000164                I2S_IRQHandler
                0x00000164                I2C2_IRQHandler
                0x00000164                RTC_IRQHandler
                0x00000164                TIMER0_IRQHandler
                0x00000164                SPI_IRQHandler
                0x00000164                USBActivity_IRQHandler
                0x00000164                EINT1_IRQHandler
                0x00000164                TIMER1_IRQHandler
                0x00000164                UART2_IRQHandler
                0x00000164                ADC_IRQHandler
                0x00000164                SSP1_IRQHandler
                0x00000164                USB_IRQHandler
                0x00000164                BOD_IRQHandler
                0x00000164                I2C0_IRQHandler
                0x00000164                WDT_IRQHandler
                0x00000164                RIT_IRQHandler
                0x00000164                QEI_IRQHandler
                0x00000164                EINT0_IRQHandler
                0x00000164                CAN_IRQHandler
                0x00000164                DMA_IRQHandler
                0x00000164                TIMER2_IRQHandler
                0x00000164                UART3_IRQHandler
                0x00000164                MCPWM_IRQHandler
                0x00000164                ENET_IRQHandler
                0x000002fc                . = 0x2fc
 *fill*         0x00000168      0x194 ff
                0x000002fc                PROVIDE (__CRP_WORD_START__, .)
 *(.crp)
 .crp           0x000002fc        0x4 ./src/main.o
                0x000002fc                CRP_WORD
                0x00000300                PROVIDE (__CRP_WORD_END__, .)
                0x00000001                ASSERT (! ((__CRP_WORD_START__ == __CRP_WORD_END__)), Linker CRP Enabled, but no CRP_WORD provided within application)
 *(.text*)
 .text.main     0x00000300       0x58 ./src/main.o
                0x00000300                main
 .text.SystemInit
                0x00000358      0x200 ./src/system_LPC17xx.o
                0x00000358                SystemInit
 .text.GPIO_InitPinAsGPIO
                0x00000558       0xb8 ./src/GPIO/src/GPIO.o
                0x00000558                GPIO_InitPinAsGPIO
 .text.GPIO_SetPinFunc
                0x00000610       0xa0 ./src/GPIO/src/GPIO.o
                0x00000610                GPIO_SetPinFunc
 .text.GPIO_SetResistorMode
                0x000006b0       0xb4 ./src/GPIO/src/GPIO.o
                0x000006b0                GPIO_SetResistorMode
 .text.GPIO_SetOpenDrainMode
                0x00000764       0x94 ./src/GPIO/src/GPIO.o
                0x00000764                GPIO_SetOpenDrainMode
 .text.__weak_main
                0x000007f8        0x4 c:/nxp/lpcxpresso_4.2.2_275/lpcxpresso/tools/bin/../lib/gcc/arm-none-eabi/4.5.1/../../../../arm-none-eabi/lib/thumb2\libcr_c.a(__weak__main.o)
                0x000007f8                __weak_main
                0x000007f8                __main
 *(.rodata .rodata.*)
                0x000007fc                . = ALIGN (0x4)

.glue_7         0x000007fc        0x0
 .glue_7        0x00000000        0x0 linker stubs

.glue_7t        0x000007fc        0x0
 .glue_7t       0x00000000        0x0 linker stubs

.vfp11_veneer   0x000007fc        0x0
 .vfp11_veneer  0x00000000        0x0 linker stubs

.v4_bx          0x000007fc        0x0
 .v4_bx         0x00000000        0x0 linker stubs

.ARM.extab
 *(.ARM.extab* .gnu.linkonce.armextab.*)
                0x000007fc                __exidx_start = .

.ARM.exidx
 *(.ARM.exidx* .gnu.linkonce.armexidx.*)
                0x000007fc                __exidx_end = .
                0x000007fc                _etext = .

.data_RAM2      0x2007c000        0x0 load address 0x000007fc
 FILL mask 0xff
 *(.data.$RAM2*)
 *(.data.$RamAHB32*)
                0x2007c000                . = ALIGN (0x4)

.uninit_RESERVED
 *(.bss.$RESERVED*)

.data           0x10000000        0x0 load address 0x000007fc
 FILL mask 0xff
                0x10000000                _data = .
 *(vtable)
 *(.data*)
                0x10000000                . = ALIGN (0x4)
                0x10000000                _edata = .

.bss_RAM2       0x2007c000        0x0
 *(.bss.$RAM2*)
 *(.bss.$RamAHB32*)
                0x2007c000                . = ALIGN (0x4)

.bss            0x10000000        0x0
                0x10000000                _bss = .
 *(.bss*)
 *(COMMON)
                0x10000000                . = ALIGN (0x4)
                0x10000000                _ebss = .
                0x10000000                PROVIDE (end, .)
                0x10000000                PROVIDE (_pvHeapStart, .)
                0x10008000                PROVIDE (_vStackTop, (__top_RamLoc32 - 0x0))
OUTPUT(GPIO.axf elf32-littlearm)

.debug_abbrev   0x00000000      0x30b
 .debug_abbrev  0x00000000      0x104 ./src/cr_startup_lpc176x.o
 .debug_abbrev  0x00000104       0xbe ./src/main.o
 .debug_abbrev  0x000001c2       0x61 ./src/system_LPC17xx.o
 .debug_abbrev  0x00000223       0xe8 ./src/GPIO/src/GPIO.o

.debug_info     0x00000000      0xa27
 .debug_info    0x00000000      0x2a4 ./src/cr_startup_lpc176x.o
 .debug_info    0x000002a4      0x1a0 ./src/main.o
 .debug_info    0x00000444       0xa8 ./src/system_LPC17xx.o
 .debug_info    0x000004ec      0x53b ./src/GPIO/src/GPIO.o

.debug_line     0x00000000      0xc5c
 .debug_line    0x00000000       0xab ./src/cr_startup_lpc176x.o
 .debug_line    0x000000ab      0x42a ./src/main.o
 .debug_line    0x000004d5      0x380 ./src/system_LPC17xx.o
 .debug_line    0x00000855      0x407 ./src/GPIO/src/GPIO.o

.debug_macinfo  0x00000000     0xcd88
 .debug_macinfo
                0x00000000     0x16e3 ./src/cr_startup_lpc176x.o
 .debug_macinfo
                0x000016e3     0x410a ./src/main.o
 .debug_macinfo
                0x000057ed     0x3792 ./src/system_LPC17xx.o
 .debug_macinfo
                0x00008f7f     0x3e09 ./src/GPIO/src/GPIO.o

.debug_loc      0x00000000      0x334
 .debug_loc     0x00000000      0x1b8 ./src/cr_startup_lpc176x.o
 .debug_loc     0x000001b8       0x38 ./src/main.o
 .debug_loc     0x000001f0       0x2c ./src/system_LPC17xx.o
 .debug_loc     0x0000021c      0x118 ./src/GPIO/src/GPIO.o

.debug_pubnames
                0x00000000      0x1fc
 .debug_pubnames
                0x00000000      0x115 ./src/cr_startup_lpc176x.o
 .debug_pubnames
                0x00000115       0x28 ./src/main.o
 .debug_pubnames
                0x0000013d       0x35 ./src/system_LPC17xx.o
 .debug_pubnames
                0x00000172       0x8a ./src/GPIO/src/GPIO.o

.debug_aranges  0x00000000      0x100
 .debug_aranges
                0x00000000       0x80 ./src/cr_startup_lpc176x.o
 .debug_aranges
                0x00000080       0x20 ./src/main.o
 .debug_aranges
                0x000000a0       0x20 ./src/system_LPC17xx.o
 .debug_aranges
                0x000000c0       0x40 ./src/GPIO/src/GPIO.o

.debug_ranges   0x00000000       0xc0
 .debug_ranges  0x00000000       0x70 ./src/cr_startup_lpc176x.o
 .debug_ranges  0x00000070       0x10 ./src/main.o
 .debug_ranges  0x00000080       0x10 ./src/system_LPC17xx.o
 .debug_ranges  0x00000090       0x30 ./src/GPIO/src/GPIO.o

.debug_str      0x00000000      0x546
 .debug_str     0x00000000      0x1a2 ./src/cr_startup_lpc176x.o
                                0x1b5 (size before relaxing)
 .debug_str     0x000001a2      0x122 ./src/main.o
                                0x17a (size before relaxing)
 .debug_str     0x000002c4       0x33 ./src/system_LPC17xx.o
                                 0xe0 (size before relaxing)
 .debug_str     0x000002f7      0x24f ./src/GPIO/src/GPIO.o
                                0x396 (size before relaxing)

.comment        0x00000000       0x2a
 .comment       0x00000000       0x2a ./src/cr_startup_lpc176x.o
                                 0x2b (size before relaxing)
 .comment       0x00000000       0x2b ./src/main.o
 .comment       0x00000000       0x2b ./src/system_LPC17xx.o
 .comment       0x00000000       0x2b ./src/GPIO/src/GPIO.o
 .comment       0x00000000       0x2b c:/nxp/lpcxpresso_4.2.2_275/lpcxpresso/tools/bin/../lib/gcc/arm-none-eabi/4.5.1/../../../../arm-none-eabi/lib/thumb2\libcr_c.a(__weak__main.o)

.ARM.attributes
                0x00000000       0x31
 .ARM.attributes
                0x00000000       0x31 ./src/cr_startup_lpc176x.o
 .ARM.attributes
                0x00000031       0x31 ./src/main.o
 .ARM.attributes
                0x00000062       0x31 ./src/system_LPC17xx.o
 .ARM.attributes
                0x00000093       0x31 ./src/GPIO/src/GPIO.o
 .ARM.attributes
                0x000000c4       0x31 c:/nxp/lpcxpresso_4.2.2_275/lpcxpresso/tools/bin/../lib/gcc/arm-none-eabi/4.5.1/../../../../arm-none-eabi/lib/thumb2\libcr_c.a(__weak__main.o)

.debug_frame    0x00000000      0x1ec
 .debug_frame   0x00000000       0xf0 ./src/cr_startup_lpc176x.o
 .debug_frame   0x000000f0       0x30 ./src/main.o
 .debug_frame   0x00000120       0x28 ./src/system_LPC17xx.o
 .debug_frame   0x00000148       0xa4 ./src/GPIO/src/GPIO.o

.debug_pubtypes
                0x00000000       0xee
 .debug_pubtypes
                0x00000000       0x34 ./src/main.o
 .debug_pubtypes
                0x00000034       0x1f ./src/system_LPC17xx.o
 .debug_pubtypes
                0x00000053       0x9b ./src/GPIO/src/GPIO.o
